mode: set
gomermaid/mermaid.go:45.28,47.2 1 1
gomermaid/mermaid.go:131.34,134.20 3 1
gomermaid/mermaid.go:134.20,136.3 1 1
gomermaid/mermaid.go:137.2,147.3 1 1
gomermaid/mermaid.go:150.36,152.2 1 1
gomermaid/mermaid.go:154.50,156.2 1 1
gomermaid/mermaid.go:158.72,159.26 1 1
gomermaid/mermaid.go:159.26,161.3 1 1
gomermaid/mermaid.go:162.2,165.65 4 1
gomermaid/mermaid.go:165.65,167.3 1 1
gomermaid/mermaid.go:170.48,172.2 1 1
gomermaid/mermaid.go:174.70,175.26 1 1
gomermaid/mermaid.go:175.26,177.3 1 1
gomermaid/mermaid.go:178.2,179.19 2 1
gomermaid/mermaid.go:179.19,181.3 1 1
gomermaid/mermaid.go:182.2,184.27 3 1
gomermaid/mermaid.go:184.27,186.3 1 1
gomermaid/mermaid.go:187.2,187.65 1 1
gomermaid/mermaid.go:187.65,189.3 1 1
gomermaid/mermaid.go:192.48,193.32 1 1
gomermaid/mermaid.go:193.32,194.33 1 1
gomermaid/mermaid.go:194.33,196.28 2 1
gomermaid/mermaid.go:196.28,197.13 1 0
gomermaid/mermaid.go:199.4,204.37 6 1
gomermaid/mermaid.go:209.49,210.26 1 1
gomermaid/mermaid.go:210.26,212.3 1 0
gomermaid/mermaid.go:213.2,215.27 3 1
gomermaid/mermaid.go:215.27,217.3 1 1
gomermaid/mermaid.go:220.24,221.11 1 1
gomermaid/mermaid.go:221.11,223.3 1 1
gomermaid/mermaid.go:224.2,224.10 1 1
gomermaid/mermaid.go:227.24,228.11 1 1
gomermaid/mermaid.go:228.11,230.3 1 1
gomermaid/mermaid.go:231.2,231.10 1 1
gomermaid/mermaid.go:234.38,236.26 2 1
gomermaid/mermaid.go:236.26,238.12 2 1
gomermaid/mermaid.go:238.12,240.4 1 1
gomermaid/mermaid.go:241.3,241.12 1 1
gomermaid/mermaid.go:241.12,243.4 1 1
gomermaid/mermaid.go:244.3,244.24 1 1
gomermaid/mermaid.go:248.38,250.26 2 1
gomermaid/mermaid.go:250.26,252.12 2 1
gomermaid/mermaid.go:252.12,254.4 1 1
gomermaid/mermaid.go:255.3,255.12 1 1
gomermaid/mermaid.go:255.12,257.4 1 1
gomermaid/mermaid.go:258.3,258.24 1 1
gomermaid/mermaid.go:262.33,263.33 1 1
gomermaid/mermaid.go:263.33,264.39 1 1
gomermaid/mermaid.go:264.39,266.22 2 1
gomermaid/mermaid.go:267.17,268.29 1 1
gomermaid/mermaid.go:269.19,270.28 1 1
gomermaid/mermaid.go:271.12,272.17 1 1
gomermaid/mermaid.go:278.33,279.29 1 0
gomermaid/mermaid.go:279.29,281.28 2 0
gomermaid/mermaid.go:281.28,285.4 3 0
gomermaid/mermaid.go:287.2,287.22 1 0
gomermaid/mermaid.go:287.22,289.3 1 0
gomermaid/mermaid.go:292.35,293.27 1 0
gomermaid/mermaid.go:293.27,294.30 1 0
gomermaid/mermaid.go:294.30,299.4 4 0
gomermaid/mermaid.go:301.2,301.22 1 0
gomermaid/mermaid.go:301.22,303.3 1 0
gomermaid/mermaid.go:304.2,304.27 1 0
gomermaid/mermaid.go:304.27,306.15 2 0
gomermaid/mermaid.go:306.15,308.45 2 0
gomermaid/mermaid.go:308.45,310.46 2 0
gomermaid/mermaid.go:310.46,312.6 1 0
gomermaid/mermaid.go:313.5,316.57 3 0
gomermaid/mermaid.go:316.57,318.6 1 0
gomermaid/mermaid.go:319.10,321.5 1 0
gomermaid/mermaid.go:326.77,327.13 1 1
gomermaid/mermaid.go:328.17,329.31 1 1
gomermaid/mermaid.go:329.31,331.4 1 1
gomermaid/mermaid.go:332.3,332.23 1 1
gomermaid/mermaid.go:333.15,334.30 1 1
gomermaid/mermaid.go:334.30,336.4 1 1
gomermaid/mermaid.go:337.3,337.25 1 1
gomermaid/mermaid.go:338.15,339.31 1 1
gomermaid/mermaid.go:339.31,341.4 1 1
gomermaid/mermaid.go:342.3,342.21 1 1
gomermaid/mermaid.go:343.20,344.26 1 1
gomermaid/mermaid.go:345.10,346.12 1 1
gomermaid/mermaid.go:350.70,354.27 3 1
gomermaid/mermaid.go:354.27,356.33 2 1
gomermaid/mermaid.go:356.33,358.31 2 1
gomermaid/mermaid.go:358.31,360.10 2 1
gomermaid/mermaid.go:364.3,370.29 6 1
gomermaid/mermaid.go:370.29,373.18 3 1
gomermaid/mermaid.go:373.18,374.13 1 0
gomermaid/mermaid.go:376.4,380.61 4 1
gomermaid/mermaid.go:380.61,385.5 4 1
gomermaid/mermaid.go:386.4,388.21 3 1
gomermaid/mermaid.go:390.3,390.20 1 1
gomermaid/mermaid.go:390.20,394.4 3 1
gomermaid/mermaid.go:396.3,398.34 3 1
gomermaid/mermaid.go:401.2,401.22 1 1
gomermaid/mermaid.go:404.32,405.14 1 1
gomermaid/mermaid.go:406.9,407.13 1 0
gomermaid/mermaid.go:408.19,409.15 1 1
gomermaid/mermaid.go:410.19,411.15 1 1
gomermaid/mermaid.go:412.13,413.15 1 1
gomermaid/mermaid.go:414.13,415.15 1 1
gomermaid/mermaid.go:416.13,417.15 1 1
gomermaid/mermaid.go:418.13,419.15 1 1
gomermaid/mermaid.go:420.17,421.15 1 1
gomermaid/mermaid.go:422.17,423.15 1 1
gomermaid/mermaid.go:424.17,425.15 1 1
gomermaid/mermaid.go:426.17,427.15 1 1
gomermaid/mermaid.go:428.10,429.15 1 1
gomermaid/mermaid.go:433.30,434.11 1 1
gomermaid/mermaid.go:435.13,436.15 1 1
gomermaid/mermaid.go:437.13,438.15 1 1
gomermaid/mermaid.go:439.10,440.11 1 1
gomermaid/mermaid.go:444.29,445.11 1 1
gomermaid/mermaid.go:446.13,447.15 1 1
gomermaid/mermaid.go:448.13,449.15 1 0
gomermaid/mermaid.go:450.13,451.15 1 0
gomermaid/mermaid.go:452.13,453.15 1 0
gomermaid/mermaid.go:454.13,455.15 1 0
gomermaid/mermaid.go:456.13,457.15 1 0
gomermaid/mermaid.go:458.13,459.15 1 0
gomermaid/mermaid.go:460.13,461.15 1 0
gomermaid/mermaid.go:462.13,463.15 1 0
gomermaid/mermaid.go:464.13,465.15 1 0
gomermaid/mermaid.go:466.13,467.15 1 0
gomermaid/mermaid.go:468.10,469.11 1 0
gomermaid/mermaid.go:473.30,474.11 1 0
gomermaid/mermaid.go:475.13,476.15 1 0
gomermaid/mermaid.go:477.13,478.15 1 0
gomermaid/mermaid.go:479.13,480.15 1 0
gomermaid/mermaid.go:481.13,482.15 1 0
gomermaid/mermaid.go:483.13,484.15 1 0
gomermaid/mermaid.go:485.13,486.15 1 0
gomermaid/mermaid.go:487.13,488.15 1 0
gomermaid/mermaid.go:489.13,490.15 1 0
gomermaid/mermaid.go:491.13,492.15 1 0
gomermaid/mermaid.go:493.13,494.15 1 0
gomermaid/mermaid.go:495.13,496.15 1 0
gomermaid/mermaid.go:497.13,498.15 1 0
gomermaid/mermaid.go:499.13,500.15 1 0
gomermaid/mermaid.go:501.13,502.15 1 0
gomermaid/mermaid.go:503.13,504.15 1 0
gomermaid/mermaid.go:505.13,506.15 1 0
gomermaid/mermaid.go:507.13,508.15 1 0
gomermaid/mermaid.go:509.13,510.15 1 0
gomermaid/mermaid.go:511.13,512.15 1 0
gomermaid/mermaid.go:513.13,514.15 1 0
gomermaid/mermaid.go:515.10,516.11 1 0
gomermaid/mermaid.go:520.30,521.11 1 0
gomermaid/mermaid.go:522.13,523.15 1 0
gomermaid/mermaid.go:524.13,525.15 1 0
gomermaid/mermaid.go:526.13,527.15 1 0
gomermaid/mermaid.go:528.13,529.15 1 0
gomermaid/mermaid.go:530.13,531.15 1 0
gomermaid/mermaid.go:532.13,533.15 1 0
gomermaid/mermaid.go:534.13,535.15 1 0
gomermaid/mermaid.go:536.13,537.15 1 0
gomermaid/mermaid.go:538.13,539.15 1 0
gomermaid/mermaid.go:540.13,541.15 1 0
gomermaid/mermaid.go:542.13,543.15 1 0
gomermaid/mermaid.go:544.13,545.15 1 0
gomermaid/mermaid.go:546.13,547.15 1 0
gomermaid/mermaid.go:548.13,549.15 1 0
gomermaid/mermaid.go:550.13,551.15 1 0
gomermaid/mermaid.go:552.13,553.15 1 0
gomermaid/mermaid.go:554.13,555.15 1 0
gomermaid/mermaid.go:556.13,557.15 1 0
gomermaid/mermaid.go:558.13,559.15 1 0
gomermaid/mermaid.go:560.13,561.15 1 0
gomermaid/mermaid.go:562.10,563.11 1 0
gomermaid/mermaid.go:606.71,607.30 1 1
gomermaid/mermaid.go:607.30,608.19 1 1
gomermaid/mermaid.go:608.19,611.4 2 0
gomermaid/mermaid.go:612.3,612.12 1 1
gomermaid/mermaid.go:614.2,614.31 1 1
gomermaid/mermaid.go:614.31,617.3 2 0
gomermaid/mermaid.go:618.2,619.18 2 1
gomermaid/mermaid.go:619.18,621.3 1 1
gomermaid/mermaid.go:622.2,626.13 5 1
gomermaid/mermaid.go:629.57,630.30 1 1
gomermaid/mermaid.go:630.30,633.3 2 1
gomermaid/mermaid.go:634.2,634.44 1 1
gomermaid/mermaid.go:637.36,640.32 3 1
gomermaid/mermaid.go:640.32,642.3 1 1
gomermaid/mermaid.go:644.2,644.26 1 1
gomermaid/mermaid.go:644.26,646.3 1 0
gomermaid/mermaid.go:647.2,649.28 3 1
gomermaid/mermaid.go:649.28,651.3 1 0
gomermaid/mermaid.go:652.2,653.44 2 1
gomermaid/mermaid.go:653.44,655.3 1 1
gomermaid/mermaid.go:656.2,657.27 2 1
gomermaid/mermaid.go:657.27,659.3 1 1
gomermaid/mermaid.go:660.2,661.16 2 1
gomermaid/mermaid.go:662.12,663.17 1 1
gomermaid/mermaid.go:664.12,665.16 1 0
gomermaid/mermaid.go:666.12,667.14 1 0
gomermaid/mermaid.go:670.2,683.36 3 1
gomermaid/mermaid.go:683.36,686.22 3 1
gomermaid/mermaid.go:686.22,688.4 1 1
gomermaid/mermaid.go:689.3,689.20 1 1
gomermaid/mermaid.go:690.19,691.72 1 1
gomermaid/mermaid.go:691.72,693.5 1 0
gomermaid/mermaid.go:694.4,696.22 3 1
gomermaid/mermaid.go:696.22,699.5 2 1
gomermaid/mermaid.go:700.4,708.12 5 1
gomermaid/mermaid.go:709.14,710.22 1 1
gomermaid/mermaid.go:710.22,712.5 1 1
gomermaid/mermaid.go:713.4,713.22 1 1
gomermaid/mermaid.go:713.22,716.5 2 1
gomermaid/mermaid.go:716.10,718.5 1 1
gomermaid/mermaid.go:719.4,719.12 1 1
gomermaid/mermaid.go:720.19,723.23 3 1
gomermaid/mermaid.go:723.23,728.5 4 1
gomermaid/mermaid.go:729.4,729.12 1 1
gomermaid/mermaid.go:730.16,734.23 3 1
gomermaid/mermaid.go:734.23,737.68 3 1
gomermaid/mermaid.go:737.68,739.6 1 1
gomermaid/mermaid.go:741.4,741.12 1 1
gomermaid/mermaid.go:742.51,743.12 1 1
gomermaid/mermaid.go:745.3,746.20 2 1
gomermaid/mermaid.go:746.20,748.4 1 0
gomermaid/mermaid.go:751.2,751.27 1 1
gomermaid/mermaid.go:751.27,753.3 1 1
gomermaid/mermaid.go:754.2,754.14 1 1
gomermaid/mermaid.go:757.54,758.35 1 1
gomermaid/mermaid.go:758.35,760.22 2 1
gomermaid/mermaid.go:760.22,763.4 2 1
gomermaid/mermaid.go:765.2,765.52 1 1
gomermaid/mermaid.go:765.52,769.30 4 0
gomermaid/mermaid.go:769.30,771.4 1 0
gomermaid/mermaid.go:773.2,773.19 1 1
gomermaid/mermaid.go:776.50,780.34 4 1
gomermaid/mermaid.go:780.34,782.15 2 1
gomermaid/mermaid.go:782.15,783.16 1 1
gomermaid/mermaid.go:783.16,785.5 1 1
gomermaid/mermaid.go:786.4,786.20 1 1
gomermaid/mermaid.go:787.9,788.13 1 1
gomermaid/mermaid.go:789.13,791.21 2 1
gomermaid/mermaid.go:792.13,793.46 1 0
gomermaid/mermaid.go:793.46,795.6 1 0
gomermaid/mermaid.go:795.11,797.6 1 0
gomermaid/mermaid.go:798.13,799.30 1 0
gomermaid/mermaid.go:800.12,801.21 1 1
gomermaid/mermaid.go:805.2,805.27 1 1
gomermaid/mermaid.go:808.58,810.19 2 1
gomermaid/mermaid.go:810.19,812.3 1 1
gomermaid/mermaid.go:813.2,813.13 1 1
gomermaid/mermaid.go:816.47,817.56 1 1
gomermaid/mermaid.go:817.56,819.16 2 1
gomermaid/mermaid.go:819.16,821.24 2 1
gomermaid/mermaid.go:821.24,825.44 4 1
gomermaid/mermaid.go:825.44,827.6 1 1
gomermaid/mermaid.go:830.3,830.12 1 1
gomermaid/mermaid.go:833.2,837.3 1 1
gomermaid/mermaid.go:840.46,844.17 4 1
gomermaid/mermaid.go:844.17,846.3 1 0
gomermaid/mermaid.go:847.2,849.6 2 1
gomermaid/mermaid.go:849.6,851.22 2 1
gomermaid/mermaid.go:851.22,852.9 1 1
gomermaid/mermaid.go:854.3,855.14 2 1
gomermaid/mermaid.go:855.14,856.9 1 1
gomermaid/mermaid.go:858.3,860.18 3 1
gomermaid/mermaid.go:860.18,861.9 1 1
gomermaid/mermaid.go:863.3,865.26 2 1
gomermaid/mermaid.go:865.26,866.27 1 1
gomermaid/mermaid.go:866.27,867.38 1 1
gomermaid/mermaid.go:867.38,870.6 2 0
gomermaid/mermaid.go:871.5,873.48 3 1
gomermaid/mermaid.go:873.48,876.6 2 0
gomermaid/mermaid.go:877.5,878.21 2 1
gomermaid/mermaid.go:878.21,880.6 1 1
gomermaid/mermaid.go:881.5,888.7 1 1
gomermaid/mermaid.go:891.3,891.14 1 1
gomermaid/mermaid.go:895.73,897.18 2 1
gomermaid/mermaid.go:897.18,899.3 1 1
gomermaid/mermaid.go:900.2,901.6 2 1
gomermaid/mermaid.go:901.6,903.41 2 1
gomermaid/mermaid.go:903.41,904.9 1 1
gomermaid/mermaid.go:906.3,907.18 2 0
gomermaid/mermaid.go:907.18,908.9 1 0
gomermaid/mermaid.go:910.3,911.8 2 0
gomermaid/mermaid.go:913.2,913.17 1 1
gomermaid/mermaid.go:916.42,917.62 1 1
gomermaid/mermaid.go:917.62,919.3 1 1
gomermaid/mermaid.go:920.2,920.10 1 1
gomermaid/mermaid.go:923.28,925.2 1 1
gomermaid/mermaid.go:927.67,930.43 3 1
gomermaid/mermaid.go:930.43,932.3 1 1
gomermaid/mermaid.go:933.2,933.18 1 1
gomermaid/mermaid.go:933.18,935.3 1 1
gomermaid/mermaid.go:936.2,942.20 5 1
gomermaid/mermaid.go:942.20,943.19 1 1
gomermaid/mermaid.go:944.12,945.45 1 1
gomermaid/mermaid.go:945.45,947.5 1 0
gomermaid/mermaid.go:947.10,947.52 1 1
gomermaid/mermaid.go:947.52,949.5 1 0
gomermaid/mermaid.go:949.10,951.5 1 1
gomermaid/mermaid.go:952.12,953.45 1 1
gomermaid/mermaid.go:953.45,955.5 1 1
gomermaid/mermaid.go:955.10,955.52 1 1
gomermaid/mermaid.go:955.52,957.5 1 0
gomermaid/mermaid.go:957.10,959.5 1 1
gomermaid/mermaid.go:960.12,961.45 1 1
gomermaid/mermaid.go:961.45,963.5 1 1
gomermaid/mermaid.go:963.10,965.5 1 1
gomermaid/mermaid.go:966.12,967.66 1 1
gomermaid/mermaid.go:971.2,972.21 2 1
gomermaid/mermaid.go:972.21,974.3 1 1
gomermaid/mermaid.go:975.2,976.16 2 1
gomermaid/mermaid.go:976.16,978.3 1 0
gomermaid/mermaid.go:980.2,980.99 1 1
gomermaid/mermaid.go:980.99,983.77 3 1
gomermaid/mermaid.go:983.77,985.4 1 1
gomermaid/mermaid.go:986.3,986.25 1 1
gomermaid/mermaid.go:986.25,988.4 1 1
gomermaid/mermaid.go:991.2,991.19 1 1
gomermaid/mermaid.go:994.92,999.62 5 1
gomermaid/mermaid.go:999.62,1001.3 1 0
gomermaid/mermaid.go:1002.2,1005.21 3 1
gomermaid/mermaid.go:1005.21,1007.25 2 1
gomermaid/mermaid.go:1007.25,1011.12 4 0
gomermaid/mermaid.go:1013.3,1013.54 1 1
gomermaid/mermaid.go:1013.54,1016.4 2 1
gomermaid/mermaid.go:1017.3,1018.6 2 1
gomermaid/mermaid.go:1020.2,1021.33 2 0
gomermaid/mermaid.go:1024.42,1025.21 1 1
gomermaid/mermaid.go:1025.21,1027.3 1 0
gomermaid/mermaid.go:1028.2,1028.19 1 1
gomermaid/mermaid.go:1028.19,1029.19 1 1
gomermaid/mermaid.go:1029.19,1031.4 1 1
gomermaid/mermaid.go:1033.2,1033.13 1 1
gomermaid/mermaid.go:1036.36,1041.95 4 1
gomermaid/mermaid.go:1041.95,1043.3 1 0
gomermaid/mermaid.go:1043.8,1043.100 1 1
gomermaid/mermaid.go:1043.100,1045.3 1 0
gomermaid/mermaid.go:1046.2,1049.96 3 1
gomermaid/mermaid.go:1049.96,1051.3 1 0
gomermaid/mermaid.go:1053.2,1053.33 1 1
gomermaid/mermaid.go:1056.37,1060.22 3 1
gomermaid/mermaid.go:1060.22,1061.15 1 1
gomermaid/mermaid.go:1061.15,1063.4 1 0
gomermaid/mermaid.go:1063.9,1063.31 1 1
gomermaid/mermaid.go:1063.31,1065.4 1 0
gomermaid/mermaid.go:1065.9,1065.20 1 1
gomermaid/mermaid.go:1065.20,1067.4 1 1
gomermaid/mermaid.go:1069.2,1069.21 1 1
gomermaid/mermaid.go:1072.37,1075.2 1 0
gomermaid/mermaid.go:1077.42,1078.31 1 1
gomermaid/mermaid.go:1078.31,1080.3 1 1
gomermaid/mermaid.go:1081.2,1084.21 4 0
gomermaid/mermaid.go:1084.21,1085.22 1 0
gomermaid/mermaid.go:1085.22,1088.12 3 0
gomermaid/mermaid.go:1090.3,1092.31 3 0
gomermaid/mermaid.go:1092.31,1093.23 1 0
gomermaid/mermaid.go:1093.23,1095.10 2 0
gomermaid/mermaid.go:1098.3,1098.17 1 0
gomermaid/mermaid.go:1098.17,1100.57 2 0
gomermaid/mermaid.go:1100.57,1103.13 3 0
gomermaid/mermaid.go:1106.3,1107.6 2 0
gomermaid/mermaid.go:1109.2,1109.21 1 0
gomermaid/mermaid.go:1112.42,1113.14 1 0
gomermaid/mermaid.go:1114.12,1116.12 2 0
gomermaid/mermaid.go:1117.12,1119.12 2 0
gomermaid/mermaid.go:1120.13,1122.12 2 0
gomermaid/mermaid.go:1123.14,1125.12 2 0
gomermaid/mermaid.go:1126.14,1128.12 2 0
gomermaid/mermaid.go:1129.10,1130.35 1 0
gomermaid/mermaid.go:1130.35,1133.72 3 0
gomermaid/mermaid.go:1133.72,1136.5 2 0
gomermaid/mermaid.go:1137.4,1137.67 1 0
gomermaid/mermaid.go:1137.67,1140.5 2 0
gomermaid/mermaid.go:1143.2,1143.12 1 0
gomermaid/mermaid.go:1146.30,1148.2 1 1
gomermaid/mermaid.go:1150.78,1153.145 3 1
gomermaid/mermaid.go:1153.145,1154.22 1 1
gomermaid/mermaid.go:1154.22,1156.4 1 1
gomermaid/mermaid.go:1156.9,1158.4 1 1
gomermaid/mermaid.go:1159.3,1159.6 1 1
gomermaid/mermaid.go:1161.2,1162.45 2 1
gomermaid/mermaid.go:1162.45,1164.3 1 1
gomermaid/mermaid.go:1165.2,1165.18 1 1
gomermaid/mermaid.go:1165.18,1167.3 1 1
gomermaid/mermaid.go:1168.2,1169.55 2 1
gomermaid/mermaid.go:1169.55,1171.3 1 1
gomermaid/mermaid.go:1172.2,1174.24 3 1
gomermaid/mermaid.go:1174.24,1176.3 1 1
gomermaid/mermaid.go:1177.2,1177.23 1 1
gomermaid/mermaid.go:1177.23,1178.49 1 1
gomermaid/mermaid.go:1178.49,1181.4 2 1
gomermaid/mermaid.go:1184.2,1184.39 1 1
gomermaid/mermaid.go:1184.39,1187.41 3 1
gomermaid/mermaid.go:1187.41,1189.4 1 1
gomermaid/mermaid.go:1190.3,1191.40 2 1
gomermaid/mermaid.go:1191.40,1193.4 1 1
gomermaid/mermaid.go:1194.3,1194.47 1 1
gomermaid/mermaid.go:1197.2,1197.23 1 1
gomermaid/mermaid.go:1197.23,1200.47 3 1
gomermaid/mermaid.go:1200.47,1202.4 1 1
gomermaid/mermaid.go:1203.3,1203.116 1 1
gomermaid/mermaid.go:1203.116,1206.47 3 1
gomermaid/mermaid.go:1206.47,1208.5 1 1
gomermaid/mermaid.go:1209.4,1210.26 2 1
gomermaid/mermaid.go:1210.26,1212.5 1 1
gomermaid/mermaid.go:1212.10,1212.57 1 0
gomermaid/mermaid.go:1212.57,1215.5 2 0
gomermaid/mermaid.go:1216.4,1216.29 1 1
gomermaid/mermaid.go:1216.29,1218.5 1 1
gomermaid/mermaid.go:1219.4,1219.59 1 1
gomermaid/mermaid.go:1223.2,1223.34 1 1
gomermaid/mermaid.go:1226.35,1227.23 1 1
gomermaid/mermaid.go:1227.23,1229.3 1 1
gomermaid/mermaid.go:1229.8,1229.30 1 1
gomermaid/mermaid.go:1229.30,1231.3 1 1
gomermaid/mermaid.go:1232.2,1232.22 1 1
gomermaid/mermaid.go:1235.38,1236.22 1 1
gomermaid/mermaid.go:1236.22,1237.13 1 1
gomermaid/mermaid.go:1237.13,1239.4 1 1
gomermaid/mermaid.go:1241.2,1241.14 1 1
gomermaid/mermaid.go:1244.58,1245.21 1 1
gomermaid/mermaid.go:1245.21,1247.3 1 0
gomermaid/mermaid.go:1248.2,1249.21 2 1
gomermaid/mermaid.go:1249.21,1251.3 1 1
gomermaid/mermaid.go:1251.8,1251.28 1 1
gomermaid/mermaid.go:1251.28,1253.3 1 1
gomermaid/mermaid.go:1253.8,1255.3 1 1
gomermaid/mermaid.go:1256.2,1256.23 1 1
gomermaid/mermaid.go:1256.23,1258.3 1 0
gomermaid/mermaid.go:1259.2,1260.78 2 1
gomermaid/mermaid.go:1260.78,1262.3 1 1
gomermaid/mermaid.go:1263.2,1263.27 1 0
gomermaid/mermaid.go:1266.33,1267.13 1 1
gomermaid/mermaid.go:1267.13,1269.3 1 0
gomermaid/mermaid.go:1270.2,1270.11 1 1
gomermaid/mermaid.go:1318.63,1319.30 1 1
gomermaid/mermaid.go:1319.30,1320.19 1 1
gomermaid/mermaid.go:1320.19,1322.4 1 0
gomermaid/mermaid.go:1323.3,1323.12 1 1
gomermaid/mermaid.go:1325.2,1325.32 1 1
gomermaid/mermaid.go:1325.32,1327.3 1 0
gomermaid/mermaid.go:1328.2,1330.18 3 1
gomermaid/mermaid.go:1330.18,1332.3 1 1
gomermaid/mermaid.go:1333.2,1335.13 3 1
gomermaid/mermaid.go:1355.42,1358.32 3 1
gomermaid/mermaid.go:1358.32,1360.3 1 1
gomermaid/mermaid.go:1361.2,1361.26 1 1
gomermaid/mermaid.go:1361.26,1363.3 1 0
gomermaid/mermaid.go:1364.2,1366.86 3 1
gomermaid/mermaid.go:1366.86,1368.3 1 1
gomermaid/mermaid.go:1370.2,1378.36 4 1
gomermaid/mermaid.go:1378.36,1380.23 2 1
gomermaid/mermaid.go:1380.23,1381.12 1 0
gomermaid/mermaid.go:1383.3,1384.16 2 1
gomermaid/mermaid.go:1385.31,1387.18 2 1
gomermaid/mermaid.go:1387.18,1389.5 1 0
gomermaid/mermaid.go:1390.4,1393.23 4 1
gomermaid/mermaid.go:1393.23,1396.5 2 1
gomermaid/mermaid.go:1397.4,1397.41 1 1
gomermaid/mermaid.go:1397.41,1399.5 1 0
gomermaid/mermaid.go:1400.21,1401.21 1 1
gomermaid/mermaid.go:1402.118,1402.118 0 1
gomermaid/mermaid.go:1404.15,1407.21 3 1
gomermaid/mermaid.go:1407.21,1409.5 1 0
gomermaid/mermaid.go:1410.4,1410.35 1 1
gomermaid/mermaid.go:1410.35,1412.5 1 0
gomermaid/mermaid.go:1413.4,1417.6 1 1
gomermaid/mermaid.go:1418.82,1419.62 1 1
gomermaid/mermaid.go:1419.62,1420.51 1 1
gomermaid/mermaid.go:1420.51,1421.14 1 0
gomermaid/mermaid.go:1423.10,1425.5 1 1
gomermaid/mermaid.go:1426.4,1426.35 1 1
gomermaid/mermaid.go:1426.35,1428.5 1 0
gomermaid/mermaid.go:1429.4,1433.6 2 1
gomermaid/mermaid.go:1434.22,1435.34 1 1
gomermaid/mermaid.go:1436.14,1437.23 1 1
gomermaid/mermaid.go:1437.23,1440.10 3 1
gomermaid/mermaid.go:1440.10,1441.37 1 1
gomermaid/mermaid.go:1441.37,1443.7 1 0
gomermaid/mermaid.go:1444.6,1448.8 2 1
gomermaid/mermaid.go:1451.11,1453.11 2 1
gomermaid/mermaid.go:1453.11,1455.5 1 0
gomermaid/mermaid.go:1456.4,1456.18 1 1
gomermaid/mermaid.go:1456.19,1459.5 0 1
gomermaid/mermaid.go:1460.4,1460.35 1 1
gomermaid/mermaid.go:1460.35,1462.5 1 0
gomermaid/mermaid.go:1463.4,1470.6 1 1
gomermaid/mermaid.go:1473.2,1473.12 1 1
gomermaid/mermaid.go:1476.72,1480.39 4 1
gomermaid/mermaid.go:1480.39,1483.3 2 1
gomermaid/mermaid.go:1483.8,1483.49 1 1
gomermaid/mermaid.go:1483.49,1486.3 2 1
gomermaid/mermaid.go:1486.8,1486.50 1 1
gomermaid/mermaid.go:1486.50,1489.3 2 1
gomermaid/mermaid.go:1489.8,1491.3 1 0
gomermaid/mermaid.go:1493.2,1494.21 2 1
gomermaid/mermaid.go:1494.21,1496.3 1 0
gomermaid/mermaid.go:1497.2,1502.28 5 1
gomermaid/mermaid.go:1502.28,1504.14 2 1
gomermaid/mermaid.go:1504.14,1506.4 1 1
gomermaid/mermaid.go:1508.2,1508.24 1 1
gomermaid/mermaid.go:1508.24,1510.3 1 0
gomermaid/mermaid.go:1511.2,1512.14 2 1
gomermaid/mermaid.go:1512.14,1514.3 1 0
gomermaid/mermaid.go:1516.2,1517.14 2 1
gomermaid/mermaid.go:1518.9,1520.24 2 1
gomermaid/mermaid.go:1520.24,1521.58 1 1
gomermaid/mermaid.go:1521.58,1523.5 1 1
gomermaid/mermaid.go:1525.3,1525.74 1 1
gomermaid/mermaid.go:1526.9,1527.51 1 1
gomermaid/mermaid.go:1528.9,1529.52 1 1
gomermaid/mermaid.go:1531.2,1531.22 1 1
gomermaid/mermaid.go:1534.89,1540.31 5 1
gomermaid/mermaid.go:1540.31,1541.29 1 1
gomermaid/mermaid.go:1541.29,1542.39 1 1
gomermaid/mermaid.go:1542.39,1547.10 5 1
gomermaid/mermaid.go:1550.3,1550.16 1 1
gomermaid/mermaid.go:1550.16,1551.9 1 1
gomermaid/mermaid.go:1554.2,1554.15 1 1
gomermaid/mermaid.go:1554.15,1556.3 1 0
gomermaid/mermaid.go:1557.2,1558.18 2 1
gomermaid/mermaid.go:1558.18,1560.3 1 0
gomermaid/mermaid.go:1561.2,1566.16 5 1
gomermaid/mermaid.go:1566.16,1568.3 1 0
gomermaid/mermaid.go:1569.2,1570.21 2 1
gomermaid/mermaid.go:1570.21,1572.14 2 1
gomermaid/mermaid.go:1572.14,1574.4 1 1
gomermaid/mermaid.go:1576.2,1578.30 3 1
gomermaid/mermaid.go:1578.30,1580.3 1 0
gomermaid/mermaid.go:1581.2,1581.45 1 1
gomermaid/mermaid.go:1584.51,1587.32 3 1
gomermaid/mermaid.go:1587.32,1589.3 1 1
gomermaid/mermaid.go:1590.2,1590.26 1 1
gomermaid/mermaid.go:1590.26,1592.3 1 0
gomermaid/mermaid.go:1593.2,1594.100 2 1
gomermaid/mermaid.go:1594.100,1596.3 1 1
gomermaid/mermaid.go:1598.2,1611.22 4 1
gomermaid/mermaid.go:1611.22,1612.37 1 1
gomermaid/mermaid.go:1612.37,1614.4 1 1
gomermaid/mermaid.go:1617.2,1617.36 1 1
gomermaid/mermaid.go:1617.36,1618.22 1 1
gomermaid/mermaid.go:1618.22,1619.17 1 1
gomermaid/mermaid.go:1619.17,1621.5 1 1
gomermaid/mermaid.go:1621.10,1623.5 1 1
gomermaid/mermaid.go:1624.4,1624.12 1 1
gomermaid/mermaid.go:1626.3,1628.22 3 1
gomermaid/mermaid.go:1628.22,1630.4 1 1
gomermaid/mermaid.go:1631.3,1631.16 1 1
gomermaid/mermaid.go:1632.20,1633.23 1 0
gomermaid/mermaid.go:1633.23,1634.39 1 0
gomermaid/mermaid.go:1635.15,1636.26 1 0
gomermaid/mermaid.go:1637.15,1638.25 1 0
gomermaid/mermaid.go:1639.15,1640.23 1 0
gomermaid/mermaid.go:1641.13,1642.25 1 0
gomermaid/mermaid.go:1645.4,1645.12 1 0
gomermaid/mermaid.go:1646.95,1647.12 1 0
gomermaid/mermaid.go:1648.16,1651.36 3 1
gomermaid/mermaid.go:1651.36,1654.5 2 1
gomermaid/mermaid.go:1655.4,1655.54 1 1
gomermaid/mermaid.go:1655.54,1657.5 1 0
gomermaid/mermaid.go:1658.4,1659.18 2 1
gomermaid/mermaid.go:1659.18,1661.5 1 0
gomermaid/mermaid.go:1662.4,1663.12 2 1
gomermaid/mermaid.go:1663.12,1665.5 1 1
gomermaid/mermaid.go:1666.4,1666.12 1 1
gomermaid/mermaid.go:1668.3,1668.34 1 1
gomermaid/mermaid.go:1668.34,1669.55 1 0
gomermaid/mermaid.go:1669.55,1672.56 3 0
gomermaid/mermaid.go:1672.56,1674.20 2 0
gomermaid/mermaid.go:1674.20,1677.7 2 0
gomermaid/mermaid.go:1680.4,1680.12 1 0
gomermaid/mermaid.go:1683.3,1683.70 1 1
gomermaid/mermaid.go:1683.70,1685.16 2 1
gomermaid/mermaid.go:1685.16,1687.5 1 0
gomermaid/mermaid.go:1688.4,1690.16 3 1
gomermaid/mermaid.go:1690.16,1692.5 1 0
gomermaid/mermaid.go:1693.4,1694.37 2 1
gomermaid/mermaid.go:1694.37,1696.5 1 0
gomermaid/mermaid.go:1697.4,1698.20 2 1
gomermaid/mermaid.go:1698.20,1700.5 1 1
gomermaid/mermaid.go:1701.4,1709.12 2 1
gomermaid/mermaid.go:1711.3,1711.47 1 1
gomermaid/mermaid.go:1711.47,1714.67 3 1
gomermaid/mermaid.go:1714.67,1716.23 2 1
gomermaid/mermaid.go:1716.23,1719.6 2 1
gomermaid/mermaid.go:1721.4,1721.12 1 1
gomermaid/mermaid.go:1723.3,1723.18 1 0
gomermaid/mermaid.go:1725.2,1725.27 1 1
gomermaid/mermaid.go:1725.27,1727.3 1 0
gomermaid/mermaid.go:1728.2,1729.21 2 1
gomermaid/mermaid.go:1754.90,1760.31 5 1
gomermaid/mermaid.go:1760.31,1761.31 1 1
gomermaid/mermaid.go:1761.31,1762.39 1 1
gomermaid/mermaid.go:1762.39,1763.73 1 1
gomermaid/mermaid.go:1763.73,1764.14 1 0
gomermaid/mermaid.go:1766.5,1766.97 1 1
gomermaid/mermaid.go:1766.97,1767.14 1 0
gomermaid/mermaid.go:1769.5,1774.10 6 1
gomermaid/mermaid.go:1777.3,1777.16 1 1
gomermaid/mermaid.go:1777.16,1778.9 1 1
gomermaid/mermaid.go:1781.2,1781.15 1 1
gomermaid/mermaid.go:1781.15,1783.3 1 1
gomermaid/mermaid.go:1784.2,1792.47 7 1
gomermaid/mermaid.go:1792.47,1795.14 3 1
gomermaid/mermaid.go:1795.14,1797.4 1 1
gomermaid/mermaid.go:1799.2,1799.100 1 1
gomermaid/mermaid.go:1799.100,1801.3 1 0
gomermaid/mermaid.go:1803.2,1804.20 2 1
gomermaid/mermaid.go:1804.20,1804.61 1 1
gomermaid/mermaid.go:1805.2,1805.21 1 1
gomermaid/mermaid.go:1805.21,1805.63 1 1
gomermaid/mermaid.go:1806.2,1806.18 1 1
gomermaid/mermaid.go:1806.18,1806.57 1 1
gomermaid/mermaid.go:1808.2,1809.23 2 1
gomermaid/mermaid.go:1809.23,1812.3 2 1
gomermaid/mermaid.go:1813.2,1813.45 1 1
gomermaid/mermaid.go:1816.56,1818.32 2 1
gomermaid/mermaid.go:1818.32,1820.14 2 1
gomermaid/mermaid.go:1820.14,1822.4 1 1
gomermaid/mermaid.go:1824.2,1824.14 1 1
gomermaid/mermaid.go:1827.56,1829.32 2 1
gomermaid/mermaid.go:1829.32,1831.14 2 1
gomermaid/mermaid.go:1831.14,1833.4 1 1
gomermaid/mermaid.go:1835.2,1835.14 1 1
gomermaid/mermaid.go:1843.36,1846.32 3 1
gomermaid/mermaid.go:1846.32,1848.3 1 1
gomermaid/mermaid.go:1849.2,1849.26 1 1
gomermaid/mermaid.go:1849.26,1851.3 1 0
gomermaid/mermaid.go:1852.2,1853.100 2 1
gomermaid/mermaid.go:1853.100,1855.3 1 1
gomermaid/mermaid.go:1857.2,1869.36 3 1
gomermaid/mermaid.go:1869.36,1870.13 1 1
gomermaid/mermaid.go:1870.13,1871.41 1 1
gomermaid/mermaid.go:1871.41,1873.5 1 1
gomermaid/mermaid.go:1874.4,1874.12 1 1
gomermaid/mermaid.go:1876.3,1878.22 3 1
gomermaid/mermaid.go:1878.22,1880.4 1 1
gomermaid/mermaid.go:1881.3,1881.16 1 1
gomermaid/mermaid.go:1882.20,1883.23 1 0
gomermaid/mermaid.go:1883.23,1884.39 1 0
gomermaid/mermaid.go:1885.15,1886.26 1 0
gomermaid/mermaid.go:1887.15,1888.25 1 0
gomermaid/mermaid.go:1889.15,1890.23 1 0
gomermaid/mermaid.go:1891.13,1892.25 1 0
gomermaid/mermaid.go:1895.15,1896.34 1 1
gomermaid/mermaid.go:1896.34,1898.5 1 1
gomermaid/mermaid.go:1899.16,1900.29 1 1
gomermaid/mermaid.go:1901.56,1901.56 0 1
gomermaid/mermaid.go:1903.11,1904.35 1 1
gomermaid/mermaid.go:1904.35,1906.5 1 1
gomermaid/mermaid.go:1906.10,1908.5 1 0
gomermaid/mermaid.go:1910.3,1910.20 1 1
gomermaid/mermaid.go:1910.20,1912.4 1 0
gomermaid/mermaid.go:1914.2,1914.27 1 1
gomermaid/mermaid.go:1914.27,1916.3 1 0
gomermaid/mermaid.go:1917.2,1917.14 1 1
gomermaid/mermaid.go:1920.46,1923.16 3 1
gomermaid/mermaid.go:1923.16,1925.3 1 0
gomermaid/mermaid.go:1926.2,1926.35 1 1
gomermaid/mermaid.go:1926.35,1928.22 2 1
gomermaid/mermaid.go:1928.22,1932.52 4 1
gomermaid/mermaid.go:1932.52,1934.5 1 1
gomermaid/mermaid.go:1935.4,1935.50 1 1
gomermaid/mermaid.go:1937.3,1937.9 1 1
gomermaid/mermaid.go:1939.2,1942.49 4 1
gomermaid/mermaid.go:1942.49,1944.19 2 0
gomermaid/mermaid.go:1944.19,1946.26 2 0
gomermaid/mermaid.go:1946.26,1948.5 1 0
gomermaid/mermaid.go:1950.3,1951.21 2 0
gomermaid/mermaid.go:1953.2,1953.48 1 1
gomermaid/mermaid.go:1953.48,1955.3 1 0
gomermaid/mermaid.go:1956.2,1957.17 2 1
gomermaid/mermaid.go:1957.17,1959.3 1 0
gomermaid/mermaid.go:1960.2,1960.35 1 1
gomermaid/mermaid.go:1963.47,1965.21 2 1
gomermaid/mermaid.go:1965.21,1967.3 1 0
gomermaid/mermaid.go:1968.2,1969.17 2 1
gomermaid/mermaid.go:1969.17,1971.3 1 0
gomermaid/mermaid.go:1972.2,1974.49 3 1
gomermaid/mermaid.go:1974.49,1978.3 3 0
gomermaid/mermaid.go:1979.2,1980.15 2 1
gomermaid/mermaid.go:1980.15,1982.3 1 0
gomermaid/mermaid.go:1983.2,1991.18 2 1
gomermaid/mermaid.go:1991.18,1993.3 1 0
gomermaid/mermaid.go:1996.49,1998.16 2 1
gomermaid/mermaid.go:1998.16,2000.3 1 1
gomermaid/mermaid.go:2001.2,2001.44 1 1
gomermaid/mermaid.go:2004.46,2006.21 2 0
gomermaid/mermaid.go:2006.21,2009.65 3 0
gomermaid/mermaid.go:2009.65,2011.4 1 0
gomermaid/mermaid.go:2015.39,2019.32 4 1
gomermaid/mermaid.go:2019.32,2020.21 1 1
gomermaid/mermaid.go:2020.21,2023.4 2 1
gomermaid/mermaid.go:2026.2,2030.37 4 1
gomermaid/mermaid.go:2030.37,2031.45 1 1
gomermaid/mermaid.go:2031.45,2033.4 1 1
gomermaid/mermaid.go:2035.2,2035.37 1 1
gomermaid/mermaid.go:2035.37,2036.24 1 1
gomermaid/mermaid.go:2036.24,2038.4 1 1
gomermaid/mermaid.go:2041.2,2042.39 2 1
gomermaid/mermaid.go:2042.39,2044.28 2 1
gomermaid/mermaid.go:2044.28,2046.4 1 1
gomermaid/mermaid.go:2048.2,2048.13 1 1
gomermaid/mermaid.go:2051.84,2059.21 4 1
gomermaid/mermaid.go:2059.21,2064.27 4 1
gomermaid/mermaid.go:2064.27,2067.21 3 1
gomermaid/mermaid.go:2067.21,2068.13 1 1
gomermaid/mermaid.go:2070.4,2071.21 2 1
gomermaid/mermaid.go:2071.21,2074.5 2 1
gomermaid/mermaid.go:2075.9,2079.4 3 1
gomermaid/mermaid.go:2083.60,2085.30 2 1
gomermaid/mermaid.go:2085.30,2087.3 1 1
gomermaid/mermaid.go:2088.2,2090.26 3 1
gomermaid/mermaid.go:2090.26,2091.52 1 1
gomermaid/mermaid.go:2091.52,2094.4 2 1
gomermaid/mermaid.go:2097.2,2098.38 2 1
gomermaid/mermaid.go:2098.38,2099.26 1 1
gomermaid/mermaid.go:2099.26,2100.26 1 1
gomermaid/mermaid.go:2100.26,2102.5 1 1
gomermaid/mermaid.go:2105.2,2108.27 3 1
gomermaid/mermaid.go:2108.27,2110.3 1 1
gomermaid/mermaid.go:2111.2,2112.24 2 1
gomermaid/mermaid.go:2112.24,2114.3 1 1
gomermaid/mermaid.go:2116.2,2116.28 1 1
gomermaid/mermaid.go:2116.28,2117.16 1 1
gomermaid/mermaid.go:2117.16,2118.43 1 1
gomermaid/mermaid.go:2118.43,2120.35 2 1
gomermaid/mermaid.go:2120.35,2122.6 1 1
gomermaid/mermaid.go:2124.9,2125.48 1 1
gomermaid/mermaid.go:2125.48,2127.35 2 1
gomermaid/mermaid.go:2127.35,2129.6 1 1
gomermaid/mermaid.go:2132.3,2133.32 2 1
gomermaid/mermaid.go:2133.32,2135.29 2 0
gomermaid/mermaid.go:2135.29,2137.5 1 0
gomermaid/mermaid.go:2139.3,2139.25 1 1
gomermaid/mermaid.go:2139.25,2140.9 1 0
gomermaid/mermaid.go:2144.2,2144.25 1 1
gomermaid/mermaid.go:2144.25,2146.3 1 1
gomermaid/mermaid.go:2149.63,2156.26 3 1
gomermaid/mermaid.go:2156.26,2157.55 1 1
gomermaid/mermaid.go:2157.55,2159.4 1 1
gomermaid/mermaid.go:2161.2,2162.29 2 1
gomermaid/mermaid.go:2162.29,2163.36 1 1
gomermaid/mermaid.go:2163.36,2164.100 1 1
gomermaid/mermaid.go:2164.100,2166.5 1 1
gomermaid/mermaid.go:2169.2,2169.18 1 1
gomermaid/mermaid.go:2172.60,2178.24 3 1
gomermaid/mermaid.go:2178.24,2179.25 1 1
gomermaid/mermaid.go:2179.25,2181.4 1 0
gomermaid/mermaid.go:2181.9,2183.31 2 1
gomermaid/mermaid.go:2183.31,2185.5 1 1
gomermaid/mermaid.go:2186.4,2186.52 1 1
gomermaid/mermaid.go:2189.2,2189.39 1 1
gomermaid/mermaid.go:2189.39,2191.3 1 1
gomermaid/mermaid.go:2192.2,2192.25 1 1
gomermaid/mermaid.go:2192.25,2194.3 1 1
gomermaid/mermaid.go:2197.92,2201.26 4 1
gomermaid/mermaid.go:2201.26,2202.52 1 1
gomermaid/mermaid.go:2202.52,2205.4 2 1
gomermaid/mermaid.go:2208.2,2209.29 2 1
gomermaid/mermaid.go:2209.29,2211.25 2 1
gomermaid/mermaid.go:2211.25,2216.4 4 1
gomermaid/mermaid.go:2219.2,2219.29 1 1
gomermaid/mermaid.go:2219.29,2220.16 1 1
gomermaid/mermaid.go:2220.16,2221.31 1 1
gomermaid/mermaid.go:2221.31,2223.5 1 1
gomermaid/mermaid.go:2224.9,2225.42 1 1
gomermaid/mermaid.go:2225.42,2227.5 1 1
gomermaid/mermaid.go:2231.2,2232.25 2 1
gomermaid/mermaid.go:2232.25,2234.21 2 1
gomermaid/mermaid.go:2234.21,2236.4 1 1
gomermaid/mermaid.go:2238.2,2238.51 1 1
gomermaid/mermaid.go:2238.51,2240.3 1 0
gomermaid/mermaid.go:2242.2,2243.25 2 1
gomermaid/mermaid.go:2243.25,2245.16 2 1
gomermaid/mermaid.go:2245.16,2247.4 1 0
gomermaid/mermaid.go:2248.3,2248.32 1 1
gomermaid/mermaid.go:2250.2,2250.12 1 1
gomermaid/mermaid.go:2253.80,2255.12 2 1
gomermaid/mermaid.go:2255.12,2257.3 1 0
gomermaid/mermaid.go:2258.2,2259.26 2 1
gomermaid/mermaid.go:2259.26,2260.25 1 1
gomermaid/mermaid.go:2260.25,2262.4 1 1
gomermaid/mermaid.go:2262.9,2264.31 2 1
gomermaid/mermaid.go:2264.31,2266.5 1 1
gomermaid/mermaid.go:2267.4,2267.45 1 1
gomermaid/mermaid.go:2271.2,2271.30 1 1
gomermaid/mermaid.go:2271.30,2271.70 1 1
gomermaid/mermaid.go:2272.2,2275.25 3 1
gomermaid/mermaid.go:2275.25,2276.13 1 1
gomermaid/mermaid.go:2276.13,2278.4 1 1
gomermaid/mermaid.go:2278.9,2280.4 1 1
gomermaid/mermaid.go:2282.2,2282.30 1 1
gomermaid/mermaid.go:2282.30,2283.15 1 1
gomermaid/mermaid.go:2283.15,2285.4 1 1
gomermaid/mermaid.go:2285.9,2287.4 1 1
gomermaid/mermaid.go:2289.2,2289.25 1 1
gomermaid/mermaid.go:2289.25,2291.3 1 1
gomermaid/mermaid.go:2292.2,2292.25 1 1
gomermaid/mermaid.go:2292.25,2294.27 2 1
gomermaid/mermaid.go:2294.27,2296.4 1 1
gomermaid/mermaid.go:2312.67,2315.41 3 1
gomermaid/mermaid.go:2315.41,2316.33 1 1
gomermaid/mermaid.go:2316.33,2318.4 1 1
gomermaid/mermaid.go:2319.3,2319.33 1 1
gomermaid/mermaid.go:2319.33,2321.4 1 1
gomermaid/mermaid.go:2322.3,2322.39 1 1
gomermaid/mermaid.go:2325.2,2329.27 4 1
gomermaid/mermaid.go:2329.27,2331.31 2 1
gomermaid/mermaid.go:2331.31,2333.27 2 1
gomermaid/mermaid.go:2333.27,2334.68 1 1
gomermaid/mermaid.go:2334.68,2336.11 2 1
gomermaid/mermaid.go:2339.4,2339.18 1 1
gomermaid/mermaid.go:2339.18,2341.10 2 1
gomermaid/mermaid.go:2344.3,2344.17 1 1
gomermaid/mermaid.go:2344.17,2347.4 2 1
gomermaid/mermaid.go:2348.3,2349.58 2 1
gomermaid/mermaid.go:2351.2,2351.25 1 1
gomermaid/mermaid.go:2354.86,2356.32 2 1
gomermaid/mermaid.go:2356.32,2358.12 2 1
gomermaid/mermaid.go:2358.12,2360.4 1 1
gomermaid/mermaid.go:2360.9,2362.16 2 1
gomermaid/mermaid.go:2362.16,2364.5 1 1
gomermaid/mermaid.go:2365.4,2365.19 1 1
gomermaid/mermaid.go:2367.3,2367.73 1 1
gomermaid/mermaid.go:2367.73,2371.4 3 1
gomermaid/mermaid.go:2373.2,2373.12 1 1
gomermaid/mermaid.go:2376.83,2378.32 2 1
gomermaid/mermaid.go:2378.32,2379.55 1 1
gomermaid/mermaid.go:2379.55,2382.16 3 1
gomermaid/mermaid.go:2382.16,2384.5 1 1
gomermaid/mermaid.go:2384.10,2386.5 1 0
gomermaid/mermaid.go:2387.4,2387.51 1 1
gomermaid/mermaid.go:2390.2,2390.12 1 1
gomermaid/mermaid.go:2393.44,2394.14 1 1
gomermaid/mermaid.go:2395.17,2396.15 1 1
gomermaid/mermaid.go:2397.18,2398.13 1 1
gomermaid/mermaid.go:2399.17,2400.13 1 1
gomermaid/mermaid.go:2401.20,2402.21 1 1
gomermaid/mermaid.go:2402.21,2404.4 1 1
gomermaid/mermaid.go:2405.3,2405.21 1 1
gomermaid/mermaid.go:2405.21,2407.4 1 1
gomermaid/mermaid.go:2408.3,2408.21 1 0
gomermaid/mermaid.go:2408.21,2410.4 1 0
gomermaid/mermaid.go:2411.3,2411.15 1 0
gomermaid/mermaid.go:2412.23,2413.15 1 1
gomermaid/mermaid.go:2414.23,2415.15 1 1
gomermaid/mermaid.go:2416.10,2417.15 1 0
gomermaid/mermaid.go:2421.64,2422.21 1 1
gomermaid/mermaid.go:2422.21,2424.3 1 0
gomermaid/mermaid.go:2425.2,2427.25 3 1
gomermaid/mermaid.go:2427.25,2429.13 2 1
gomermaid/mermaid.go:2429.13,2431.4 1 0
gomermaid/mermaid.go:2432.3,2432.22 1 1
gomermaid/mermaid.go:2432.22,2433.9 1 0
gomermaid/mermaid.go:2435.3,2436.27 2 1
gomermaid/mermaid.go:2436.27,2438.72 2 1
gomermaid/mermaid.go:2438.72,2440.10 2 1
gomermaid/mermaid.go:2443.3,2443.14 1 1
gomermaid/mermaid.go:2443.14,2444.9 1 1
gomermaid/mermaid.go:2446.3,2447.27 2 1
gomermaid/mermaid.go:2447.27,2449.4 1 0
gomermaid/mermaid.go:2450.3,2450.10 1 1
gomermaid/mermaid.go:2454.47,2456.26 2 1
gomermaid/mermaid.go:2456.26,2458.13 2 1
gomermaid/mermaid.go:2458.13,2460.4 1 0
gomermaid/mermaid.go:2461.3,2461.10 1 1
gomermaid/mermaid.go:2463.2,2463.16 1 1
gomermaid/mermaid.go:2463.16,2465.3 1 1
gomermaid/mermaid.go:2467.2,2469.26 3 1
gomermaid/mermaid.go:2469.26,2471.13 2 1
gomermaid/mermaid.go:2471.13,2473.4 1 0
gomermaid/mermaid.go:2474.3,2474.24 1 1
gomermaid/mermaid.go:2474.24,2475.9 1 1
gomermaid/mermaid.go:2477.3,2478.13 2 1
gomermaid/mermaid.go:2480.2,2481.21 2 1
gomermaid/mermaid.go:2484.74,2487.14 3 1
gomermaid/mermaid.go:2487.14,2489.3 1 1
gomermaid/mermaid.go:2490.2,2491.15 2 1
gomermaid/mermaid.go:2491.15,2493.3 1 1
gomermaid/mermaid.go:2494.2,2501.35 4 1
gomermaid/mermaid.go:2501.35,2502.66 1 1
gomermaid/mermaid.go:2502.66,2504.4 1 1
gomermaid/mermaid.go:2509.2,2509.35 1 1
gomermaid/mermaid.go:2509.35,2510.66 1 1
gomermaid/mermaid.go:2510.66,2512.4 1 0
gomermaid/mermaid.go:2515.2,2516.50 2 1
gomermaid/mermaid.go:2516.50,2518.3 1 1
gomermaid/mermaid.go:2519.2,2520.14 2 1
gomermaid/mermaid.go:2520.14,2522.3 1 1
gomermaid/mermaid.go:2522.8,2525.3 2 1
gomermaid/mermaid.go:2527.2,2527.29 1 1
gomermaid/mermaid.go:2527.29,2529.3 1 1
gomermaid/mermaid.go:2529.8,2531.3 1 1
gomermaid/mermaid.go:2532.2,2532.31 1 1
gomermaid/mermaid.go:2532.31,2538.64 2 1
gomermaid/mermaid.go:2538.64,2540.4 1 1
gomermaid/mermaid.go:2540.9,2540.64 1 1
gomermaid/mermaid.go:2540.65,2542.4 0 1
gomermaid/mermaid.go:2542.9,2542.43 1 1
gomermaid/mermaid.go:2542.43,2545.4 1 0
gomermaid/mermaid.go:2547.3,2547.51 1 1
gomermaid/mermaid.go:2547.51,2551.16 4 1
gomermaid/mermaid.go:2551.16,2553.5 1 1
gomermaid/mermaid.go:2556.4,2556.47 1 1
gomermaid/mermaid.go:2556.47,2558.5 1 1
gomermaid/mermaid.go:2561.4,2561.47 1 1
gomermaid/mermaid.go:2561.47,2563.5 1 1
gomermaid/mermaid.go:2567.4,2568.72 2 1
gomermaid/mermaid.go:2568.72,2570.5 1 1
gomermaid/mermaid.go:2574.2,2574.22 1 1
gomermaid/mermaid.go:2574.22,2576.3 1 1
gomermaid/mermaid.go:2579.73,2590.29 9 1
gomermaid/mermaid.go:2590.29,2592.3 1 0
gomermaid/mermaid.go:2592.8,2594.3 1 1
gomermaid/mermaid.go:2595.2,2595.31 1 1
gomermaid/mermaid.go:2595.31,2597.3 1 0
gomermaid/mermaid.go:2599.2,2599.22 1 1
gomermaid/mermaid.go:2599.22,2601.32 2 0
gomermaid/mermaid.go:2601.32,2603.14 2 0
gomermaid/mermaid.go:2603.14,2605.5 1 0
gomermaid/mermaid.go:2606.4,2606.16 1 0
gomermaid/mermaid.go:2608.3,2609.13 2 0
gomermaid/mermaid.go:2609.13,2611.4 1 0
gomermaid/mermaid.go:2612.3,2613.13 2 0
gomermaid/mermaid.go:2613.13,2615.4 1 0
gomermaid/mermaid.go:2616.3,2616.41 1 0
gomermaid/mermaid.go:2620.76,2628.14 7 1
gomermaid/mermaid.go:2628.14,2630.3 1 1
gomermaid/mermaid.go:2630.8,2633.3 2 1
gomermaid/mermaid.go:2635.2,2635.29 1 1
gomermaid/mermaid.go:2635.29,2637.3 1 1
gomermaid/mermaid.go:2637.8,2639.3 1 1
gomermaid/mermaid.go:2640.2,2640.31 1 1
gomermaid/mermaid.go:2640.31,2642.3 1 0
gomermaid/mermaid.go:2644.2,2644.22 1 1
gomermaid/mermaid.go:2644.22,2646.12 2 0
gomermaid/mermaid.go:2646.12,2648.4 1 0
gomermaid/mermaid.go:2649.3,2649.43 1 0
gomermaid/mermaid.go:2653.75,2664.29 9 0
gomermaid/mermaid.go:2664.29,2666.3 1 0
gomermaid/mermaid.go:2666.8,2668.3 1 0
gomermaid/mermaid.go:2669.2,2669.31 1 0
gomermaid/mermaid.go:2669.31,2671.3 1 0
gomermaid/mermaid.go:2673.2,2673.22 1 0
gomermaid/mermaid.go:2673.22,2675.13 2 0
gomermaid/mermaid.go:2675.13,2677.4 1 0
gomermaid/mermaid.go:2678.3,2678.48 1 0
gomermaid/mermaid.go:2682.55,2686.43 4 1
gomermaid/mermaid.go:2686.43,2688.3 1 0
gomermaid/mermaid.go:2690.2,2691.33 2 1
gomermaid/mermaid.go:2691.33,2693.3 1 0
gomermaid/mermaid.go:2693.8,2693.39 1 1
gomermaid/mermaid.go:2693.39,2695.3 1 0
gomermaid/mermaid.go:2697.2,2700.36 4 1
gomermaid/mermaid.go:2700.36,2702.3 1 0
gomermaid/mermaid.go:2703.2,2705.22 3 1
gomermaid/mermaid.go:2705.22,2707.3 1 0
gomermaid/mermaid.go:2710.60,2714.21 3 1
gomermaid/mermaid.go:2714.21,2716.3 1 1
gomermaid/mermaid.go:2718.2,2719.26 2 1
gomermaid/mermaid.go:2719.26,2720.16 1 1
gomermaid/mermaid.go:2720.16,2722.4 1 1
gomermaid/mermaid.go:2722.9,2723.34 1 1
gomermaid/mermaid.go:2723.34,2725.5 1 1
gomermaid/mermaid.go:2725.10,2728.5 2 1
gomermaid/mermaid.go:2731.2,2731.15 1 1
gomermaid/mermaid.go:2731.15,2733.3 1 1
gomermaid/mermaid.go:2734.2,2734.27 1 1
gomermaid/mermaid.go:2734.27,2737.20 3 1
gomermaid/mermaid.go:2737.20,2739.4 1 1
gomermaid/mermaid.go:2739.9,2741.4 1 0
gomermaid/mermaid.go:2743.2,2743.14 1 1
gomermaid/mermaid.go:2746.87,2752.24 5 1
gomermaid/mermaid.go:2752.24,2754.3 1 1
gomermaid/mermaid.go:2755.2,2760.36 5 1
gomermaid/mermaid.go:2760.36,2763.3 2 1
gomermaid/mermaid.go:2764.2,2764.37 1 1
gomermaid/mermaid.go:2764.37,2767.3 2 1
gomermaid/mermaid.go:2769.2,2769.34 1 1
gomermaid/mermaid.go:2769.34,2770.34 1 1
gomermaid/mermaid.go:2770.34,2772.32 2 1
gomermaid/mermaid.go:2772.32,2774.68 2 1
gomermaid/mermaid.go:2774.68,2776.6 1 1
gomermaid/mermaid.go:2781.2,2782.15 2 1
gomermaid/mermaid.go:2782.15,2784.3 1 0
gomermaid/mermaid.go:2785.2,2785.30 1 1
gomermaid/mermaid.go:2785.30,2789.26 4 1
gomermaid/mermaid.go:2789.26,2791.14 2 1
gomermaid/mermaid.go:2791.14,2793.5 1 0
gomermaid/mermaid.go:2794.4,2794.12 1 1
gomermaid/mermaid.go:2797.3,2798.15 2 1
gomermaid/mermaid.go:2798.15,2800.4 1 0
gomermaid/mermaid.go:2801.3,2803.26 3 1
gomermaid/mermaid.go:2803.26,2805.14 2 1
gomermaid/mermaid.go:2805.14,2807.5 1 0
gomermaid/mermaid.go:2808.4,2809.28 2 1
gomermaid/mermaid.go:2809.28,2811.5 1 0
gomermaid/mermaid.go:2812.4,2812.13 1 1
gomermaid/mermaid.go:2817.84,2820.15 3 1
gomermaid/mermaid.go:2820.15,2822.3 1 0
gomermaid/mermaid.go:2823.2,2825.36 3 1
gomermaid/mermaid.go:2825.36,2826.24 1 1
gomermaid/mermaid.go:2826.24,2827.12 1 1
gomermaid/mermaid.go:2829.3,2829.13 1 1
gomermaid/mermaid.go:2829.13,2831.41 2 1
gomermaid/mermaid.go:2831.41,2833.5 1 1
gomermaid/mermaid.go:2834.4,2835.9 2 1
gomermaid/mermaid.go:2837.3,2838.32 2 1
gomermaid/mermaid.go:2838.32,2841.27 3 1
gomermaid/mermaid.go:2841.27,2843.15 2 1
gomermaid/mermaid.go:2843.15,2843.25 1 0
gomermaid/mermaid.go:2844.5,2844.13 1 1
gomermaid/mermaid.go:2846.4,2847.16 2 1
gomermaid/mermaid.go:2847.16,2847.28 1 0
gomermaid/mermaid.go:2848.4,2849.15 2 1
gomermaid/mermaid.go:2849.15,2851.5 1 1
gomermaid/mermaid.go:2852.4,2853.9 2 1
gomermaid/mermaid.go:2859.87,2862.12 3 0
gomermaid/mermaid.go:2862.12,2864.3 1 0
gomermaid/mermaid.go:2865.2,2869.26 5 0
gomermaid/mermaid.go:2872.66,2874.2 1 1
gomermaid/mermaid.go:2876.88,2878.25 2 1
gomermaid/mermaid.go:2878.25,2880.13 2 1
gomermaid/mermaid.go:2880.13,2882.4 1 0
gomermaid/mermaid.go:2883.3,2883.27 1 1
gomermaid/mermaid.go:2883.27,2884.40 1 1
gomermaid/mermaid.go:2884.40,2887.5 2 1
gomermaid/mermaid.go:2888.4,2889.13 2 1
gomermaid/mermaid.go:2889.13,2891.5 1 0
gomermaid/mermaid.go:2892.4,2892.45 1 1
gomermaid/mermaid.go:2894.3,2894.12 1 1
gomermaid/mermaid.go:2898.71,2900.21 2 1
gomermaid/mermaid.go:2901.22,2904.20 3 1
gomermaid/mermaid.go:2904.20,2906.4 1 0
gomermaid/mermaid.go:2907.3,2908.12 2 1
gomermaid/mermaid.go:2908.12,2910.4 1 0
gomermaid/mermaid.go:2911.3,2911.14 1 1
gomermaid/mermaid.go:2912.22,2915.12 3 1
gomermaid/mermaid.go:2915.12,2917.4 1 0
gomermaid/mermaid.go:2918.3,2918.14 1 1
gomermaid/mermaid.go:2919.23,2920.39 1 1
gomermaid/mermaid.go:2922.2,2922.13 1 0
gomermaid/mermaid.go:2925.95,2927.12 2 1
gomermaid/mermaid.go:2927.12,2929.3 1 1
gomermaid/mermaid.go:2931.2,2933.31 3 1
gomermaid/mermaid.go:2933.31,2936.31 3 1
gomermaid/mermaid.go:2936.31,2938.14 2 1
gomermaid/mermaid.go:2938.14,2940.5 1 0
gomermaid/mermaid.go:2941.4,2941.11 1 1
gomermaid/mermaid.go:2943.3,2943.12 1 1
gomermaid/mermaid.go:2943.12,2945.4 1 0
gomermaid/mermaid.go:2946.3,2946.26 1 1
gomermaid/mermaid.go:2948.2,2950.38 2 1
gomermaid/mermaid.go:2950.38,2951.18 1 1
gomermaid/mermaid.go:2951.18,2953.4 1 0
gomermaid/mermaid.go:2954.3,2955.27 2 1
gomermaid/mermaid.go:2955.27,2957.14 2 1
gomermaid/mermaid.go:2957.14,2959.5 1 0
gomermaid/mermaid.go:2960.4,2960.11 1 1
gomermaid/mermaid.go:2962.3,2962.11 1 1
gomermaid/mermaid.go:2965.2,2966.27 2 1
gomermaid/mermaid.go:2966.27,2970.14 4 1
gomermaid/mermaid.go:2970.14,2972.4 1 0
gomermaid/mermaid.go:2973.3,2973.16 1 1
gomermaid/mermaid.go:2976.2,2978.33 3 1
gomermaid/mermaid.go:2978.33,2979.20 1 1
gomermaid/mermaid.go:2980.23,2982.28 2 1
gomermaid/mermaid.go:2982.28,2985.17 3 1
gomermaid/mermaid.go:2985.17,2987.6 1 0
gomermaid/mermaid.go:2988.5,2988.42 1 1
gomermaid/mermaid.go:2989.10,2989.30 1 0
gomermaid/mermaid.go:2989.30,2991.5 1 0
gomermaid/mermaid.go:2992.20,2994.28 2 1
gomermaid/mermaid.go:2995.24,2996.38 1 1
gomermaid/mermaid.go:2996.38,2998.18 2 1
gomermaid/mermaid.go:2998.18,3000.7 1 0
gomermaid/mermaid.go:3001.6,3001.67 1 1
gomermaid/mermaid.go:3002.11,3005.15 3 0
gomermaid/mermaid.go:3005.15,3007.7 1 0
gomermaid/mermaid.go:3008.6,3008.17 1 0
gomermaid/mermaid.go:3008.17,3010.7 1 0
gomermaid/mermaid.go:3012.24,3013.26 1 1
gomermaid/mermaid.go:3013.26,3015.6 1 1
gomermaid/mermaid.go:3016.25,3017.28 1 1
gomermaid/mermaid.go:3017.28,3019.6 1 1
gomermaid/mermaid.go:3023.2,3023.39 1 1
gomermaid/mermaid.go:3023.39,3025.3 1 1
gomermaid/mermaid.go:3026.2,3026.27 1 1
gomermaid/mermaid.go:3026.27,3028.39 2 1
gomermaid/mermaid.go:3028.39,3030.4 1 1
gomermaid/mermaid.go:3031.3,3031.21 1 1
gomermaid/mermaid.go:3031.21,3033.4 1 1
gomermaid/mermaid.go:3036.2,3038.25 3 1
gomermaid/mermaid.go:3038.25,3040.3 1 1
gomermaid/mermaid.go:3042.2,3043.33 2 1
gomermaid/mermaid.go:3043.33,3044.20 1 1
gomermaid/mermaid.go:3045.23,3046.28 1 1
gomermaid/mermaid.go:3046.28,3048.20 2 0
gomermaid/mermaid.go:3048.20,3050.6 1 0
gomermaid/mermaid.go:3052.20,3054.23 2 1
gomermaid/mermaid.go:3054.23,3056.5 1 0
gomermaid/mermaid.go:3057.23,3059.22 2 1
gomermaid/mermaid.go:3059.22,3061.5 1 1
gomermaid/mermaid.go:3065.2,3067.33 3 1
gomermaid/mermaid.go:3067.33,3070.20 3 1
gomermaid/mermaid.go:3071.23,3072.28 1 1
gomermaid/mermaid.go:3072.28,3074.5 1 0
gomermaid/mermaid.go:3074.10,3074.31 1 1
gomermaid/mermaid.go:3074.31,3076.5 1 1
gomermaid/mermaid.go:3077.20,3078.10 1 1
gomermaid/mermaid.go:3079.23,3080.10 1 1
gomermaid/mermaid.go:3082.3,3082.10 1 1
gomermaid/mermaid.go:3084.2,3087.44 3 1
gomermaid/mermaid.go:3087.44,3090.3 1 0
gomermaid/mermaid.go:3091.2,3091.40 1 1
gomermaid/mermaid.go:3091.40,3093.3 1 0
gomermaid/mermaid.go:3095.2,3096.25 2 1
gomermaid/mermaid.go:3096.25,3097.42 1 1
gomermaid/mermaid.go:3097.42,3099.13 2 1
gomermaid/mermaid.go:3099.13,3101.5 1 0
gomermaid/mermaid.go:3102.4,3105.68 2 1
gomermaid/mermaid.go:3109.2,3109.33 1 1
gomermaid/mermaid.go:3109.33,3111.31 2 1
gomermaid/mermaid.go:3111.31,3117.24 4 1
gomermaid/mermaid.go:3117.24,3119.5 1 1
gomermaid/mermaid.go:3120.4,3120.63 1 1
gomermaid/mermaid.go:3124.2,3124.23 1 1
gomermaid/mermaid.go:3124.23,3128.3 3 1
gomermaid/mermaid.go:3130.2,3130.33 1 1
gomermaid/mermaid.go:3130.33,3132.20 2 1
gomermaid/mermaid.go:3133.23,3135.19 2 1
gomermaid/mermaid.go:3135.19,3137.5 1 1
gomermaid/mermaid.go:3138.4,3138.28 1 1
gomermaid/mermaid.go:3138.28,3146.34 8 0
gomermaid/mermaid.go:3146.34,3148.6 1 0
gomermaid/mermaid.go:3149.5,3152.25 4 0
gomermaid/mermaid.go:3152.25,3154.6 1 0
gomermaid/mermaid.go:3155.10,3159.25 4 1
gomermaid/mermaid.go:3159.25,3161.6 1 1
gomermaid/mermaid.go:3162.5,3164.18 3 1
gomermaid/mermaid.go:3164.18,3166.6 1 1
gomermaid/mermaid.go:3167.5,3168.34 2 1
gomermaid/mermaid.go:3168.34,3170.6 1 1
gomermaid/mermaid.go:3171.5,3172.34 2 1
gomermaid/mermaid.go:3172.34,3174.6 1 1
gomermaid/mermaid.go:3174.11,3174.54 1 1
gomermaid/mermaid.go:3174.54,3176.6 1 1
gomermaid/mermaid.go:3176.11,3176.55 1 1
gomermaid/mermaid.go:3176.55,3178.6 1 1
gomermaid/mermaid.go:3179.5,3180.18 2 1
gomermaid/mermaid.go:3180.18,3182.6 1 1
gomermaid/mermaid.go:3183.5,3184.25 2 1
gomermaid/mermaid.go:3184.25,3186.18 2 1
gomermaid/mermaid.go:3186.18,3188.7 1 0
gomermaid/mermaid.go:3189.6,3191.26 3 1
gomermaid/mermaid.go:3191.26,3193.17 2 1
gomermaid/mermaid.go:3193.17,3195.8 1 0
gomermaid/mermaid.go:3196.7,3196.15 1 1
gomermaid/mermaid.go:3198.6,3199.18 2 1
gomermaid/mermaid.go:3199.18,3201.7 1 0
gomermaid/mermaid.go:3202.6,3203.44 2 1
gomermaid/mermaid.go:3206.23,3207.33 1 1
gomermaid/mermaid.go:3207.33,3209.5 1 1
gomermaid/mermaid.go:3210.4,3211.14 2 1
gomermaid/mermaid.go:3211.14,3213.5 1 0
gomermaid/mermaid.go:3214.4,3215.24 2 1
gomermaid/mermaid.go:3215.24,3217.5 1 1
gomermaid/mermaid.go:3218.4,3219.54 2 1
gomermaid/mermaid.go:3223.2,3225.65 3 1
gomermaid/mermaid.go:3250.85,3252.12 2 1
gomermaid/mermaid.go:3252.12,3254.3 1 0
gomermaid/mermaid.go:3256.2,3258.26 3 1
gomermaid/mermaid.go:3258.26,3259.18 1 1
gomermaid/mermaid.go:3259.18,3261.4 1 1
gomermaid/mermaid.go:3264.2,3265.26 2 1
gomermaid/mermaid.go:3265.26,3267.3 1 1
gomermaid/mermaid.go:3268.2,3271.35 3 1
gomermaid/mermaid.go:3271.35,3273.3 1 1
gomermaid/mermaid.go:3275.2,3277.25 3 1
gomermaid/mermaid.go:3277.25,3278.25 1 1
gomermaid/mermaid.go:3279.23,3281.65 2 0
gomermaid/mermaid.go:3281.65,3283.15 2 0
gomermaid/mermaid.go:3283.15,3285.6 1 0
gomermaid/mermaid.go:3286.5,3286.17 1 0
gomermaid/mermaid.go:3288.4,3289.20 2 0
gomermaid/mermaid.go:3289.20,3291.5 1 0
gomermaid/mermaid.go:3292.4,3293.33 2 0
gomermaid/mermaid.go:3294.30,3296.47 2 1
gomermaid/mermaid.go:3296.47,3297.30 1 1
gomermaid/mermaid.go:3297.30,3299.29 2 1
gomermaid/mermaid.go:3299.29,3301.17 2 1
gomermaid/mermaid.go:3301.17,3303.8 1 0
gomermaid/mermaid.go:3304.7,3304.15 1 1
gomermaid/mermaid.go:3306.6,3306.23 1 1
gomermaid/mermaid.go:3306.23,3308.7 1 1
gomermaid/mermaid.go:3311.4,3315.47 4 1
gomermaid/mermaid.go:3315.47,3316.21 1 1
gomermaid/mermaid.go:3316.21,3318.6 1 1
gomermaid/mermaid.go:3319.5,3319.18 1 1
gomermaid/mermaid.go:3321.4,3321.18 1 1
gomermaid/mermaid.go:3321.18,3323.5 1 1
gomermaid/mermaid.go:3324.4,3324.19 1 1
gomermaid/mermaid.go:3325.23,3327.36 2 1
gomermaid/mermaid.go:3327.36,3329.28 2 1
gomermaid/mermaid.go:3329.28,3331.16 2 1
gomermaid/mermaid.go:3331.16,3333.7 1 0
gomermaid/mermaid.go:3334.6,3334.14 1 1
gomermaid/mermaid.go:3336.5,3336.22 1 1
gomermaid/mermaid.go:3336.22,3338.6 1 1
gomermaid/mermaid.go:3340.4,3341.33 2 1
gomermaid/mermaid.go:3345.2,3347.32 3 1
gomermaid/mermaid.go:3347.32,3348.21 1 1
gomermaid/mermaid.go:3348.21,3350.21 2 1
gomermaid/mermaid.go:3350.21,3352.31 2 0
gomermaid/mermaid.go:3352.31,3354.16 2 0
gomermaid/mermaid.go:3354.16,3356.7 1 0
gomermaid/mermaid.go:3357.6,3357.14 1 0
gomermaid/mermaid.go:3359.5,3359.23 1 0
gomermaid/mermaid.go:3359.23,3361.6 1 0
gomermaid/mermaid.go:3362.5,3362.32 1 0
gomermaid/mermaid.go:3362.32,3364.6 1 0
gomermaid/mermaid.go:3369.2,3369.25 1 1
gomermaid/mermaid.go:3369.25,3370.20 1 1
gomermaid/mermaid.go:3370.20,3371.19 1 1
gomermaid/mermaid.go:3371.19,3373.5 1 1
gomermaid/mermaid.go:3377.2,3379.25 3 1
gomermaid/mermaid.go:3379.25,3381.24 2 1
gomermaid/mermaid.go:3381.24,3383.4 1 0
gomermaid/mermaid.go:3384.3,3384.32 1 1
gomermaid/mermaid.go:3387.2,3392.14 5 1
gomermaid/mermaid.go:3392.14,3394.3 1 1
gomermaid/mermaid.go:3394.8,3396.3 1 1
gomermaid/mermaid.go:3398.2,3400.44 2 1
gomermaid/mermaid.go:3400.44,3402.3 1 0
gomermaid/mermaid.go:3403.2,3403.40 1 1
gomermaid/mermaid.go:3403.40,3405.3 1 0
gomermaid/mermaid.go:3407.2,3408.31 2 1
gomermaid/mermaid.go:3408.31,3410.35 2 1
gomermaid/mermaid.go:3410.35,3411.60 1 1
gomermaid/mermaid.go:3411.60,3413.5 1 1
gomermaid/mermaid.go:3416.3,3416.27 1 1
gomermaid/mermaid.go:3417.23,3418.83 1 0
gomermaid/mermaid.go:3419.30,3420.71 1 1
gomermaid/mermaid.go:3421.23,3422.78 1 1
gomermaid/mermaid.go:3426.2,3426.35 1 1
gomermaid/mermaid.go:3426.35,3427.20 1 1
gomermaid/mermaid.go:3428.22,3429.32 1 1
gomermaid/mermaid.go:3430.23,3431.30 1 1
gomermaid/mermaid.go:3432.22,3433.32 1 1
gomermaid/mermaid.go:3435.3,3435.27 1 1
gomermaid/mermaid.go:3435.27,3437.12 2 1
gomermaid/mermaid.go:3439.3,3444.27 5 1
gomermaid/mermaid.go:3444.27,3446.4 1 1
gomermaid/mermaid.go:3446.9,3446.35 1 1
gomermaid/mermaid.go:3446.35,3448.4 1 1
gomermaid/mermaid.go:3448.9,3448.35 1 1
gomermaid/mermaid.go:3448.35,3450.4 1 1
gomermaid/mermaid.go:3450.9,3452.4 1 0
gomermaid/mermaid.go:3455.2,3456.20 2 1
gomermaid/mermaid.go:3459.95,3461.24 2 1
gomermaid/mermaid.go:3461.24,3463.3 1 1
gomermaid/mermaid.go:3464.2,3465.33 2 1
gomermaid/mermaid.go:3465.33,3467.3 1 0
gomermaid/mermaid.go:3468.2,3468.24 1 1
gomermaid/mermaid.go:3468.24,3470.3 1 0
gomermaid/mermaid.go:3470.8,3470.33 1 1
gomermaid/mermaid.go:3470.33,3472.3 1 0
gomermaid/mermaid.go:3473.2,3474.65 2 1
gomermaid/mermaid.go:3477.115,3482.31 4 1
gomermaid/mermaid.go:3482.31,3484.22 2 1
gomermaid/mermaid.go:3484.22,3485.12 1 1
gomermaid/mermaid.go:3487.3,3488.30 2 1
gomermaid/mermaid.go:3488.30,3490.4 1 1
gomermaid/mermaid.go:3491.3,3491.23 1 1
gomermaid/mermaid.go:3494.2,3495.29 2 1
gomermaid/mermaid.go:3495.29,3497.25 2 1
gomermaid/mermaid.go:3497.25,3499.16 2 1
gomermaid/mermaid.go:3499.16,3501.5 1 1
gomermaid/mermaid.go:3503.3,3503.18 1 1
gomermaid/mermaid.go:3505.2,3506.32 2 1
gomermaid/mermaid.go:3506.32,3508.18 2 1
gomermaid/mermaid.go:3508.18,3510.4 1 1
gomermaid/mermaid.go:3511.3,3511.43 1 1
gomermaid/mermaid.go:3513.2,3515.32 3 1
gomermaid/mermaid.go:3515.32,3517.3 1 1
gomermaid/mermaid.go:3519.2,3520.29 2 1
gomermaid/mermaid.go:3520.29,3521.27 1 1
gomermaid/mermaid.go:3521.27,3525.13 4 1
gomermaid/mermaid.go:3525.13,3527.5 1 0
gomermaid/mermaid.go:3528.4,3530.22 3 1
gomermaid/mermaid.go:3530.22,3532.5 1 1
gomermaid/mermaid.go:3533.4,3533.58 1 1
gomermaid/mermaid.go:3533.58,3534.47 1 0
gomermaid/mermaid.go:3534.47,3536.6 1 0
gomermaid/mermaid.go:3541.2,3542.32 2 1
gomermaid/mermaid.go:3542.32,3543.21 1 1
gomermaid/mermaid.go:3543.21,3544.12 1 1
gomermaid/mermaid.go:3546.3,3546.20 1 1
gomermaid/mermaid.go:3546.20,3548.30 2 1
gomermaid/mermaid.go:3548.30,3550.15 2 1
gomermaid/mermaid.go:3550.15,3552.6 1 0
gomermaid/mermaid.go:3553.5,3553.13 1 1
gomermaid/mermaid.go:3555.4,3555.22 1 1
gomermaid/mermaid.go:3555.22,3557.5 1 0
gomermaid/mermaid.go:3558.4,3558.38 1 1
gomermaid/mermaid.go:3558.38,3559.40 1 1
gomermaid/mermaid.go:3559.40,3561.6 1 1
gomermaid/mermaid.go:3562.10,3563.33 1 0
gomermaid/mermaid.go:3563.33,3565.6 1 0
gomermaid/mermaid.go:3570.2,3574.20 5 1
gomermaid/mermaid.go:3574.20,3576.30 2 1
gomermaid/mermaid.go:3576.30,3578.4 1 1
gomermaid/mermaid.go:3579.3,3580.26 2 1
gomermaid/mermaid.go:3583.2,3583.82 1 1
gomermaid/mermaid.go:3586.115,3591.31 4 1
gomermaid/mermaid.go:3591.31,3593.22 2 1
gomermaid/mermaid.go:3593.22,3594.12 1 1
gomermaid/mermaid.go:3596.3,3597.30 2 1
gomermaid/mermaid.go:3597.30,3599.4 1 1
gomermaid/mermaid.go:3600.3,3600.23 1 1
gomermaid/mermaid.go:3603.2,3605.29 3 1
gomermaid/mermaid.go:3605.29,3607.25 2 1
gomermaid/mermaid.go:3607.25,3609.16 2 1
gomermaid/mermaid.go:3609.16,3611.5 1 1
gomermaid/mermaid.go:3613.3,3613.18 1 1
gomermaid/mermaid.go:3616.2,3617.32 2 1
gomermaid/mermaid.go:3617.32,3618.55 1 1
gomermaid/mermaid.go:3618.55,3619.21 1 1
gomermaid/mermaid.go:3619.21,3621.31 2 0
gomermaid/mermaid.go:3621.31,3623.16 2 0
gomermaid/mermaid.go:3623.16,3625.7 1 0
gomermaid/mermaid.go:3626.6,3626.14 1 0
gomermaid/mermaid.go:3628.5,3628.23 1 0
gomermaid/mermaid.go:3628.23,3630.6 1 0
gomermaid/mermaid.go:3631.5,3631.22 1 0
gomermaid/mermaid.go:3631.22,3633.6 1 0
gomermaid/mermaid.go:3637.2,3638.26 2 1
gomermaid/mermaid.go:3638.26,3640.3 1 0
gomermaid/mermaid.go:3642.2,3642.32 1 1
gomermaid/mermaid.go:3642.32,3645.3 2 1
gomermaid/mermaid.go:3646.2,3648.32 3 1
gomermaid/mermaid.go:3648.32,3650.3 1 1
gomermaid/mermaid.go:3652.2,3653.29 2 1
gomermaid/mermaid.go:3653.29,3654.27 1 1
gomermaid/mermaid.go:3654.27,3658.13 4 1
gomermaid/mermaid.go:3658.13,3660.5 1 0
gomermaid/mermaid.go:3661.4,3663.22 3 1
gomermaid/mermaid.go:3663.22,3665.5 1 1
gomermaid/mermaid.go:3666.4,3666.29 1 1
gomermaid/mermaid.go:3666.29,3667.25 1 0
gomermaid/mermaid.go:3667.25,3669.6 1 0
gomermaid/mermaid.go:3674.2,3675.32 2 1
gomermaid/mermaid.go:3675.32,3676.21 1 1
gomermaid/mermaid.go:3676.21,3677.12 1 0
gomermaid/mermaid.go:3679.3,3679.20 1 1
gomermaid/mermaid.go:3679.20,3680.38 1 0
gomermaid/mermaid.go:3680.38,3681.30 1 0
gomermaid/mermaid.go:3681.30,3683.6 1 0
gomermaid/mermaid.go:3688.2,3692.20 5 1
gomermaid/mermaid.go:3692.20,3694.30 2 0
gomermaid/mermaid.go:3694.30,3696.4 1 0
gomermaid/mermaid.go:3697.3,3698.26 2 0
gomermaid/mermaid.go:3701.2,3701.82 1 1
gomermaid/mermaid.go:3704.84,3705.34 1 1
gomermaid/mermaid.go:3705.34,3707.3 1 1
gomermaid/mermaid.go:3709.2,3709.44 1 1
gomermaid/mermaid.go:3709.44,3711.3 1 1
gomermaid/mermaid.go:3713.2,3713.44 1 1
gomermaid/mermaid.go:3713.44,3715.3 1 1
gomermaid/mermaid.go:3717.2,3717.43 1 1
gomermaid/mermaid.go:3717.43,3719.3 1 1
gomermaid/mermaid.go:3721.2,3721.51 1 1
gomermaid/mermaid.go:3721.51,3723.3 1 1
gomermaid/mermaid.go:3725.2,3725.17 1 1
gomermaid/mermaid.go:3728.110,3730.35 2 1
gomermaid/mermaid.go:3730.35,3732.33 2 1
gomermaid/mermaid.go:3732.33,3734.4 1 0
gomermaid/mermaid.go:3735.3,3742.38 4 1
gomermaid/mermaid.go:3742.38,3743.32 1 1
gomermaid/mermaid.go:3743.32,3745.5 1 1
gomermaid/mermaid.go:3745.10,3747.5 1 1
gomermaid/mermaid.go:3749.3,3749.61 1 1
gomermaid/mermaid.go:3752.2,3753.33 2 1
gomermaid/mermaid.go:3753.33,3755.3 1 0
gomermaid/mermaid.go:3756.2,3756.24 1 1
gomermaid/mermaid.go:3756.24,3758.3 1 0
gomermaid/mermaid.go:3758.8,3758.33 1 1
gomermaid/mermaid.go:3758.33,3760.3 1 0
gomermaid/mermaid.go:3761.2,3762.65 2 1
